Archive member included to satisfy reference by file (symbol)

../../lib/libc.a(fclose.o)    commands.o (fclose)
../../lib/libc.a(fflush.o)    ../../lib/libc.a(fclose.o) (__sflush)
../../lib/libc.a(fgets.o)     commands.o (fgets)
../../lib/libc.a(findfp.o)    s.o (__sF)
../../lib/libc.a(fopen.o)     commands.o (fopen)
../../lib/libc.a(fprintf.o)   commands.o (fprintf)
../../lib/libc.a(fputs.o)     screen.o (fputs)
../../lib/libc.a(fvwrite.o)   ../../lib/libc.a(fputs.o) (__sfvwrite)
../../lib/libc.a(fwalk.o)     ../../lib/libc.a(fflush.o) (_fwalk)
../../lib/libc.a(printf.o)    screen.o (printf)
../../lib/libc.a(refill.o)    ../../lib/libc.a(fgets.o) (__srefill)
../../lib/libc.a(sprintf.o)   s.o (sprintf)
../../lib/libc.a(stdio.o)     ../../lib/libc.a(findfp.o) (__sread)
../../lib/libc.a(vfprintf.o)  ../../lib/libc.a(fprintf.o) (vfprintf)
../../lib/libc.a(wbuf.o)      s.o (__swbuf)
../../lib/libc.a(wsetup.o)    ../../lib/libc.a(fvwrite.o) (__swsetup)
../../lib/libc.a(exit.o)      commands.o (exit)
../../lib/libc.a(malloc.o)    Bman.o (free)
../../lib/libc.a(bcopy.o)     ../../lib/libc.a(fgets.o) (bcopy)
../../lib/libc.a(memchr.o)    ../../lib/libc.a(fgets.o) (memchr)
../../lib/libc.a(memcpy.o)    ../../lib/libc.a(findfp.o) (memcpy)
../../lib/libc.a(strcat.o)    Sman.o (strcat)
../../lib/libc.a(strcmp.o)    commands.o (strcmp)
../../lib/libc.a(strcpy.o)    address.o (strcpy)
../../lib/libc.a(strlen.o)    address.o (strlen)
../../lib/libc.a(rune.o)      address.o (___runetype)
../../lib/libc.a(table.o)     address.o (_CurrentRuneLocale)
../../lib/libc.a(utf2.o)      ../../lib/libc.a(rune.o) (_UTF2_init)
../../lib/libc.a(crt0.o)      (_start)
../../lib/libc.a(getenv.o)    ../../lib/libc.a(rune.o) (getenv)
../../lib/libc.a(kinit.o)     ../../lib/libc.a(crt0.o) (__kinit)
../../lib/libc.a(misc.o)      ../../lib/libc.a(findfp.o) (getdtablesize)
../../lib/libc.a(sbrk.o)      ../../lib/libc.a(malloc.o) (brk)
../../lib/libc.a(stat.o)      ../../lib/libc.a(rune.o) (fstat)
../../lib/libc.a(syscalls.o)  ../../lib/libc.a(stdio.o) (lseek)
../../lib/libc.a(tcgetattr.o)
                              keyboard.o (tcsetattr)
../../lib/libc.a(errlst.o)    ../../lib/libc.a(fclose.o) (errno)
../../lib/libc.a(flags.o)     ../../lib/libc.a(fopen.o) (__sflags)
../../lib/libc.a(fread.o)     ../../lib/libc.a(rune.o) (fread)
../../lib/libc.a(makebuf.o)   ../../lib/libc.a(refill.o) (__smakebuf)
../../lib/libc.a(rewind.o)    ../../lib/libc.a(rune.o) (rewind)
../../lib/libc.a(atexit.o)    ../../lib/libc.a(exit.o) (__atexit)
../../lib/libc.a(memcmp.o)    ../../lib/libc.a(rune.o) (memcmp)
../../lib/libc.a(strchr.o)    ../../lib/libc.a(getenv.o) (strchr)
../../lib/libc.a(strdup.o)    ../../lib/libc.a(getenv.o) (strdup)
../../lib/libc.a(strrchr.o)   ../../lib/libc.a(getenv.o) (strrchr)
../../lib/libc.a(euc.o)       ../../lib/libc.a(rune.o) (_EUC_init)
../../lib/libc.a(none.o)      ../../lib/libc.a(table.o) (_none_sgetrune)
../../lib/libc.a(isatty.o)    ../../lib/libc.a(makebuf.o) (isatty)
../../lib/libc.a(fseek.o)     ../../lib/libc.a(rewind.o) (fseek)
../../lib/libc.a(strtol.o)    ../../lib/libc.a(euc.o) (strtol)
/home/linuxbrew/.linuxbrew/Cellar/gcc-cross-m68k@13/13.3.0/lib/gcc/m68k-elf/13.3.0/m68000/libgcc.a(_mulsi3.o)
                              s.o (__mulsi3)
/home/linuxbrew/.linuxbrew/Cellar/gcc-cross-m68k@13/13.3.0/lib/gcc/m68k-elf/13.3.0/m68000/libgcc.a(_udivsi3.o)
                              ../../lib/libc.a(fread.o) (__udivsi3)
/home/linuxbrew/.linuxbrew/Cellar/gcc-cross-m68k@13/13.3.0/lib/gcc/m68k-elf/13.3.0/m68000/libgcc.a(_divsi3.o)
                              Sman.o (__divsi3)
/home/linuxbrew/.linuxbrew/Cellar/gcc-cross-m68k@13/13.3.0/lib/gcc/m68k-elf/13.3.0/m68000/libgcc.a(_umodsi3.o)
                              ../../lib/libc.a(strtol.o) (__umodsi3)
/home/linuxbrew/.linuxbrew/Cellar/gcc-cross-m68k@13/13.3.0/lib/gcc/m68k-elf/13.3.0/m68000/libgcc.a(_modsi3.o)
                              Sman.o (__modsi3)
/home/linuxbrew/.linuxbrew/Cellar/gcc-cross-m68k@13/13.3.0/lib/gcc/m68k-elf/13.3.0/m68000/libgcc.a(_udivdi3.o)
                              ../../lib/libc.a(vfprintf.o) (__udivdi3)
/home/linuxbrew/.linuxbrew/Cellar/gcc-cross-m68k@13/13.3.0/lib/gcc/m68k-elf/13.3.0/m68000/libgcc.a(_umoddi3.o)
                              ../../lib/libc.a(vfprintf.o) (__umoddi3)
/home/linuxbrew/.linuxbrew/Cellar/gcc-cross-m68k@13/13.3.0/lib/gcc/m68k-elf/13.3.0/m68000/libgcc.a(_clz.o)
                              /home/linuxbrew/.linuxbrew/Cellar/gcc-cross-m68k@13/13.3.0/lib/gcc/m68k-elf/13.3.0/m68000/libgcc.a(_udivdi3.o) (__clz_tab)

Memory Configuration

Name             Origin             Length             Attributes
RAM              0x00000000         0x00100000
EXP_RAM          0x00100000         0x00d00000
ROM              0x00e00000         0x00100000
IO_SPACE         0x00f00000         0x00100000
*default*        0x00000000         0xffffffff

Linker script and memory map

LOAD s.o
LOAD address.o
LOAD adjust.o
LOAD Bman.o
LOAD buffer.o
LOAD commands.o
LOAD keyboard.o
LOAD lib.o
LOAD operator.o
LOAD screen.o
LOAD Sman.o
LOAD yank.o
LOAD ../../lib/libc.a
LOAD /home/linuxbrew/.linuxbrew/Cellar/gcc-cross-m68k@13/13.3.0/lib/gcc/m68k-elf/13.3.0/m68000/libgcc.a
                [!provide]                        PROVIDE (_STACK_SIZE = 0x4000)
                [!provide]                        PROVIDE (_INITIAL_STACK = 0x0)
                [!provide]                        PROVIDE (_WARM_BOOT = 0x4)
                [!provide]                        PROVIDE (_MFP_VECTORS = 0x100)
                [!provide]                        PROVIDE (_SDB = 0x400)
                [!provide]                        PROVIDE (_SDB_MAGIC = 0x400)
                [!provide]                        PROVIDE (_SDB_STATUS = 0x404)
                [!provide]                        PROVIDE (_SDB_RSRVD_408 = 0x408)
                [!provide]                        PROVIDE (_TIMER_100HZ = 0x40c)
                [!provide]                        PROVIDE (_EASY68K_ECHOON = 0x410)
                [!provide]                        PROVIDE (_EASY68K_PROMPT = 0x411)
                [!provide]                        PROVIDE (_EASY68K_SHOWLF = 0x412)
                [!provide]                        PROVIDE (_SDB_RSRVD_413 = 0x413)
                [!provide]                        PROVIDE (_SDB_MEM_SIZE = 0x414)
                [!provide]                        PROVIDE (_SDB_UART_BASE = 0x418)
                [!provide]                        PROVIDE (_SDB_CPU_INFO = 0x41c)
                [!provide]                        PROVIDE (_EFP_TABLE = 0x420)
                [!provide]                        PROVIDE (_EFP_PRINT = 0x420)
                [!provide]                        PROVIDE (_EFP_PRINTLN = 0x424)
                [!provide]                        PROVIDE (_EFP_PRINTCHAR = 0x428)
                [!provide]                        PROVIDE (_EFP_HALT = 0x42c)
                [!provide]                        PROVIDE (_EFP_SENDCHAR = 0x430)
                [!provide]                        PROVIDE (_EFP_RECVCHAR = 0x434)
                [!provide]                        PROVIDE (_EFP_CLRSCR = 0x438)
                [!provide]                        PROVIDE (_EFP_MOVEXY = 0x43c)
                [!provide]                        PROVIDE (_EFP_SETCURSOR = 0x440)
                [!provide]                        PROVIDE (_EFP_CHECKCHAR = 0x444)
                [!provide]                        PROVIDE (_EFP_PROGLOADER = 0x448)
                [!provide]                        PROVIDE (_EFP_SD_INIT = 0x44c)
                [!provide]                        PROVIDE (_EFP_SD_READ = 0x450)
                [!provide]                        PROVIDE (_EFP_SD_WRITE = 0x454)
                [!provide]                        PROVIDE (_EFP_SD_REG = 0x458)
                [!provide]                        PROVIDE (_EFP_SPI_INIT = 0x45c)
                [!provide]                        PROVIDE (_EFP_SPI_CS_A = 0x460)
                [!provide]                        PROVIDE (_EFP_SPI_CS_D = 0x464)
                [!provide]                        PROVIDE (_EFP_SPI_XFER_B = 0x468)
                [!provide]                        PROVIDE (_EFP_SPI_XFER_M = 0x46c)
                [!provide]                        PROVIDE (_EFP_SPI_RECV_B = 0x470)
                [!provide]                        PROVIDE (_EFP_SPI_RECV_M = 0x474)
                [!provide]                        PROVIDE (_EFP_SPI_SEND_B = 0x478)
                [!provide]                        PROVIDE (_EFP_SPI_SEND_M = 0x47c)
                [!provide]                        PROVIDE (_EFP_ATA_INIT = 0x480)
                [!provide]                        PROVIDE (_EFP_ATA_READ = 0x484)
                [!provide]                        PROVIDE (_EFP_ATA_WRITE = 0x488)
                [!provide]                        PROVIDE (_EFP_ATA_IDENT = 0x48c)
                [!provide]                        PROVIDE (_EFP_INPUTCHAR = 0x494)
                [!provide]                        PROVIDE (_EFP_CHECKINPUT = 0x498)
                [!provide]                        PROVIDE (_FIRMWARE = 0xe00000)
                [!provide]                        PROVIDE (_FIRMWARE_REV = 0xe00400)
                0x00040000                        PROVIDE (_LOAD_ADDRESS = 0x40000)
                0x00018000                        PROVIDE (_RUN_ADDRESS = 0x18000)

.text.init      0x00018000       0x16 load address 0x00040000
                0x00018000                        _init = .
 *(.init)
 .init          0x00018000       0x16 ../../lib/libc.a(crt0.o)
                0x00018000                _start
                0x00018016                        _init_end = .

.text.postinit  0x00018018        0x0
                0x00018018                        _postinit = .
 *(.postinit)
                0x00018018                        . = ALIGN (0x4)
                0x00018018                        _postinit_end = .

.text           0x00018018     0xbd23 load address 0x00040018
                0x00018018                        _code = .
 *(.text*)
 .text          0x00018018        0x0 s.o
 .text.get_count
                0x00018018       0x86 s.o
 .text.startup.main
                0x0001809e      0x28a s.o
                0x0001809e                main
 .text          0x00018328        0x0 address.o
 .text.pos_to_col
                0x00018328       0x54 address.o
 .text.col_to_pos
                0x0001837c       0x96 address.o
 .text.loc_char
                0x00018412       0xa6 address.o
 .text.do_up_down
                0x000184b8       0xf2 address.o
 .text.locate.constprop.0
                0x000185aa       0x62 address.o
 .text.loc_string
                0x0001860c      0x278 address.o
 .text.word_start
                0x00018884      0x1f4 address.o
 .text.loc_word
                0x00018a78       0xf6 address.o
 .text.address  0x00018b6e      0x9cc address.o
                0x00018b6e                address
 *fill*         0x0001953a        0x2 
 .text          0x0001953c        0x0 adjust.o
 .text.adjust   0x0001953c      0x1c8 adjust.o
                0x0001953c                adjust
 .text          0x00019704        0x0 Bman.o
 .text.add_rec  0x00019704      0x11c Bman.o
 .text.b_changed
                0x00019820        0x8 Bman.o
                0x00019820                b_changed
 .text.b_delete
                0x00019828       0xa6 Bman.o
                0x00019828                b_delete
 .text.b_free   0x000198ce        0x6 Bman.o
                0x000198ce                b_free
 .text.b_getcur
                0x000198d4       0x16 Bman.o
                0x000198d4                b_getcur
 .text.b_getmark
                0x000198ea       0x54 Bman.o
                0x000198ea                b_getmark
 .text.b_gets   0x0001993e       0x4a Bman.o
                0x0001993e                b_gets
 .text.b_init   0x00019988        0x6 Bman.o
                0x00019988                b_init
 .text.b_insert
                0x0001998e       0x5a Bman.o
                0x0001998e                b_insert
 .text.b_lineid
                0x000199e8       0x2c Bman.o
                0x000199e8                b_lineid
 .text.b_modified
                0x00019a14        0x8 Bman.o
                0x00019a14                b_modified
 .text.b_newcmd
                0x00019a1c       0x88 Bman.o
                0x00019a1c                b_newcmd
 .text.b_replace
                0x00019aa4       0x6a Bman.o
                0x00019aa4                b_replace
 .text.b_setcur
                0x00019b0e       0x54 Bman.o
                0x00019b0e                b_setcur
 .text.b_setline
                0x00019b62       0xf2 Bman.o
                0x00019b62                b_setline
 .text.b_setmark
                0x00019c54       0x50 Bman.o
                0x00019c54                b_setmark
 .text.b_size   0x00019ca4        0x8 Bman.o
                0x00019ca4                b_size
 .text.b_unmod  0x00019cac        0x8 Bman.o
                0x00019cac                b_unmod
 .text.undo     0x00019cb4      0x194 Bman.o
                0x00019cb4                undo
 .text          0x00019e48        0x0 buffer.o
 .text.buf_delete
                0x00019e48       0xa4 buffer.o
                0x00019e48                buf_delete
 .text.buf_free
                0x00019eec        0x2 buffer.o
                0x00019eec                buf_free
 .text.buf_gets
                0x00019eee       0x68 buffer.o
                0x00019eee                buf_gets
 .text.buf_id   0x00019f56       0x58 buffer.o
                0x00019f56                buf_id
 .text.buf_init
                0x00019fae       0x28 buffer.o
                0x00019fae                buf_init
 .text.buf_insert
                0x00019fd6      0x126 buffer.o
                0x00019fd6                buf_insert
 .text.buf_replace
                0x0001a0fc       0xb6 buffer.o
                0x0001a0fc                buf_replace
 *fill*         0x0001a1b2        0x2 
 .text          0x0001a1b4        0x0 commands.o
 .text.write_lines
                0x0001a1b4      0x20a commands.o
 .text.do_read  0x0001a3be       0xd2 commands.o
 .text.do_write
                0x0001a490      0x1d8 commands.o
 .text.simp_cmd
                0x0001a668      0xaea commands.o
                0x0001a668                simp_cmd
 *fill*         0x0001b152        0x2 
 .text          0x0001b154        0x0 keyboard.o
 .text.k_donext
                0x0001b154       0xbe keyboard.o
                0x0001b154                k_donext
 .text.k_finish
                0x0001b212       0x54 keyboard.o
                0x0001b212                k_finish
 .text.k_getch  0x0001b266       0x72 keyboard.o
                0x0001b266                k_getch
 .text.k_init   0x0001b2d8       0x54 keyboard.o
                0x0001b2d8                k_init
 .text.k_lastcmd
                0x0001b32c        0x8 keyboard.o
                0x0001b32c                k_lastcmd
 .text.k_newcmd
                0x0001b334       0xe0 keyboard.o
                0x0001b334                k_newcmd
 .text.k_redo   0x0001b414       0x8a keyboard.o
                0x0001b414                k_redo
 .text.k_keyin  0x0001b49e        0xe keyboard.o
                0x0001b49e                k_keyin
 .text.k_flip   0x0001b4ac       0x54 keyboard.o
                0x0001b4ac                k_flip
 .text          0x0001b500        0x0 lib.o
 .text.savename
                0x0001b500       0x28 lib.o
                0x0001b500                savename
 .text.fatal    0x0001b528       0x76 lib.o
                0x0001b528                fatal
 .text.fatalf   0x0001b59e       0x9e lib.o
                0x0001b59e                fatalf
 .text.ckopen   0x0001b63c       0x36 lib.o
                0x0001b63c                ckopen
 .text.ckalloc  0x0001b672       0x90 lib.o
                0x0001b672                ckalloc
 .text.strsame  0x0001b702       0x1c lib.o
                0x0001b702                strsame
 .text.strsave  0x0001b71e       0xb2 lib.o
                0x0001b71e                strsave
 .text          0x0001b7d0        0x0 operator.o
 .text.do_delete
                0x0001b7d0      0x1a4 operator.o
 .text.in_chars
                0x0001b974      0x3a4 operator.o
 .text.do_insert
                0x0001bd18        0xe operator.o
                0x0001bd18                do_insert
 .text.operator
                0x0001bd26      0x34e operator.o
                0x0001bd26                operator
 .text          0x0001c074        0x0 screen.o
 .text.scr_clr  0x0001c074       0x76 screen.o
                0x0001c074                scr_clr
 .text.scr_cls  0x0001c0ea       0x76 screen.o
                0x0001c0ea                scr_cls
 .text.scr_delc
                0x0001c160       0xa6 screen.o
                0x0001c160                scr_delc
 .text.scr_delr
                0x0001c206       0x16 screen.o
                0x0001c206                scr_delr
 .text.scr_inr  0x0001c21c       0x1c screen.o
                0x0001c21c                scr_inr
 .text.scr_move
                0x0001c238      0x1f8 screen.o
                0x0001c238                scr_move
 .text.scr_instr
                0x0001c430      0x1dc screen.o
                0x0001c430                scr_instr
 .text.scr_puts
                0x0001c60c      0x346 screen.o
                0x0001c60c                scr_puts
 .text.scr_scrl
                0x0001c952       0x68 screen.o
                0x0001c952                scr_scrl
 .text.scr_shape
                0x0001c9ba       0x12 screen.o
                0x0001c9ba                scr_shape
 .text          0x0001c9cc        0x0 Sman.o
 .text.expand   0x0001c9cc       0xa0 Sman.o
 .text.pos_to_seg
                0x0001ca6c       0xce Sman.o
 .text.displ_text
                0x0001cb3a       0xd4 Sman.o
 .text.ins_text
                0x0001cc0e       0xa4 Sman.o
 .text.repl_text
                0x0001ccb2      0x482 Sman.o
 .text.display  0x0001d134       0x58 Sman.o
 .text.replace  0x0001d18c       0x5c Sman.o
 .text.insert   0x0001d1e8       0x58 Sman.o
 .text.scroll   0x0001d240      0x2c4 Sman.o
 .text.s_finish
                0x0001d504       0x1a Sman.o
                0x0001d504                s_finish
 .text.s_firstline
                0x0001d51e        0x8 Sman.o
                0x0001d51e                s_firstline
 .text.s_ismsg  0x0001d526       0x10 Sman.o
                0x0001d526                s_ismsg
 .text.s_keyboard
                0x0001d536        0xa Sman.o
                0x0001d536                s_keyboard
 .text.s_lastline
                0x0001d540       0x34 Sman.o
                0x0001d540                s_lastline
 .text.s_putmsg
                0x0001d574       0xc6 Sman.o
                0x0001d574                s_putmsg
 .text.s_errmsg
                0x0001d63a       0x34 Sman.o
                0x0001d63a                s_errmsg
 .text.s_getmsg
                0x0001d66e      0x1ae Sman.o
                0x0001d66e                s_getmsg
 .text.bottom   0x0001d81c      0x2b0 Sman.o
 .text.repaint  0x0001dacc       0xcc Sman.o
 .text.s_init   0x0001db98       0xf6 Sman.o
                0x0001db98                s_init
 .text.s_refresh
                0x0001dc8e      0x60c Sman.o
                0x0001dc8e                s_refresh
 .text.s_savemsg
                0x0001e29a       0x1a Sman.o
                0x0001e29a                s_savemsg
 .text          0x0001e2b4        0x0 yank.o
 .text.do_put   0x0001e2b4      0x106 yank.o
                0x0001e2b4                do_put
 .text.do_yank  0x0001e3ba      0x102 yank.o
                0x0001e3ba                do_yank
 .text.free_ybuf
                0x0001e4bc       0x38 yank.o
                0x0001e4bc                free_ybuf
 .text          0x0001e4f4        0x0 ../../lib/libc.a(fclose.o)
 .text.fclose   0x0001e4f4       0xb0 ../../lib/libc.a(fclose.o)
                0x0001e4f4                fclose
 .text          0x0001e5a4        0x0 ../../lib/libc.a(fflush.o)
 .text.__sflush
                0x0001e5a4       0x70 ../../lib/libc.a(fflush.o)
                0x0001e5a4                __sflush
 .text.fflush   0x0001e614       0x38 ../../lib/libc.a(fflush.o)
                0x0001e614                fflush
 .text          0x0001e64c        0x0 ../../lib/libc.a(fgets.o)
 .text.fgets    0x0001e64c       0xb4 ../../lib/libc.a(fgets.o)
                0x0001e64c                fgets
 .text          0x0001e700        0x0 ../../lib/libc.a(findfp.o)
 .text._cleanup
                0x0001e700       0x10 ../../lib/libc.a(findfp.o)
                0x0001e700                _cleanup
 .text.__sfp    0x0001e710       0xf4 ../../lib/libc.a(findfp.o)
                0x0001e710                __sfp
 .text.f_prealloc
                0x0001e804       0x92 ../../lib/libc.a(findfp.o)
                0x0001e804                f_prealloc
 .text.__sinit  0x0001e896       0x14 ../../lib/libc.a(findfp.o)
                0x0001e896                __sinit
 *fill*         0x0001e8aa        0x2 
 .text          0x0001e8ac        0x0 ../../lib/libc.a(fopen.o)
 .text.fopen    0x0001e8ac       0xbc ../../lib/libc.a(fopen.o)
                0x0001e8ac                fopen
 .text          0x0001e968        0x0 ../../lib/libc.a(fprintf.o)
 .text.fprintf  0x0001e968       0x1e ../../lib/libc.a(fprintf.o)
                0x0001e968                fprintf
 *fill*         0x0001e986        0x2 
 .text          0x0001e988        0x0 ../../lib/libc.a(fputs.o)
 .text.fputs    0x0001e988       0x40 ../../lib/libc.a(fputs.o)
                0x0001e988                fputs
 .text          0x0001e9c8        0x0 ../../lib/libc.a(fvwrite.o)
 .text.__sfvwrite
                0x0001e9c8      0x288 ../../lib/libc.a(fvwrite.o)
                0x0001e9c8                __sfvwrite
 .text          0x0001ec50        0x0 ../../lib/libc.a(fwalk.o)
 .text._fwalk   0x0001ec50       0x48 ../../lib/libc.a(fwalk.o)
                0x0001ec50                _fwalk
 .text          0x0001ec98        0x0 ../../lib/libc.a(printf.o)
 .text.printf   0x0001ec98       0x20 ../../lib/libc.a(printf.o)
                0x0001ec98                printf
 .text          0x0001ecb8        0x0 ../../lib/libc.a(refill.o)
 .text.lflush   0x0001ecb8       0x20 ../../lib/libc.a(refill.o)
 .text.__srefill
                0x0001ecd8      0x16c ../../lib/libc.a(refill.o)
                0x0001ecd8                __srefill
 .text          0x0001ee44        0x0 ../../lib/libc.a(sprintf.o)
 .text.sprintf  0x0001ee44       0x46 ../../lib/libc.a(sprintf.o)
                0x0001ee44                sprintf
 *fill*         0x0001ee8a        0x2 
 .text          0x0001ee8c        0x0 ../../lib/libc.a(stdio.o)
 .text.__sread  0x0001ee8c       0x34 ../../lib/libc.a(stdio.o)
                0x0001ee8c                __sread
 .text.__swrite
                0x0001eec0       0x78 ../../lib/libc.a(stdio.o)
                0x0001eec0                __swrite
 .text.__sseek  0x0001ef38       0x3c ../../lib/libc.a(stdio.o)
                0x0001ef38                __sseek
 .text.__sclose
                0x0001ef74       0x12 ../../lib/libc.a(stdio.o)
                0x0001ef74                __sclose
 *fill*         0x0001ef86        0x2 
 .text          0x0001ef88        0x0 ../../lib/libc.a(vfprintf.o)
 .text.vfprintf
                0x0001ef88     0x1208 ../../lib/libc.a(vfprintf.o)
                0x0001ef88                vfprintf
 .text          0x00020190        0x0 ../../lib/libc.a(wbuf.o)
 .text.__swbuf  0x00020190       0xc8 ../../lib/libc.a(wbuf.o)
                0x00020190                __swbuf
 .text          0x00020258        0x0 ../../lib/libc.a(wsetup.o)
 .text.__swsetup
                0x00020258       0xde ../../lib/libc.a(wsetup.o)
                0x00020258                __swsetup
 *fill*         0x00020336        0x2 
 .text          0x00020338        0x0 ../../lib/libc.a(exit.o)
 .text.exit     0x00020338       0x56 ../../lib/libc.a(exit.o)
                0x00020338                exit
 *fill*         0x0002038e        0x2 
 .text          0x00020390        0x0 ../../lib/libc.a(malloc.o)
 .text.free     0x00020390      0x168 ../../lib/libc.a(malloc.o)
                0x00020390                free
 .text.malloc   0x000204f8      0x180 ../../lib/libc.a(malloc.o)
                0x000204f8                malloc
 .text.calloc   0x00020678       0x36 ../../lib/libc.a(malloc.o)
                0x00020678                calloc
 .text.realloc  0x000206ae       0xd4 ../../lib/libc.a(malloc.o)
                0x000206ae                realloc
 *fill*         0x00020782        0x2 
 .text          0x00020784        0x0 ../../lib/libc.a(bcopy.o)
 .text.bcopy    0x00020784      0x166 ../../lib/libc.a(bcopy.o)
                0x00020784                bcopy
 *fill*         0x000208ea        0x2 
 .text          0x000208ec        0x0 ../../lib/libc.a(memchr.o)
 .text.memchr   0x000208ec       0x26 ../../lib/libc.a(memchr.o)
                0x000208ec                memchr
 *fill*         0x00020912        0x2 
 .text          0x00020914        0x0 ../../lib/libc.a(memcpy.o)
 .text.memcpy   0x00020914      0x16a ../../lib/libc.a(memcpy.o)
                0x00020914                memcpy
 *fill*         0x00020a7e        0x2 
 .text          0x00020a80        0x0 ../../lib/libc.a(strcat.o)
 .text.strcat   0x00020a80       0x1c ../../lib/libc.a(strcat.o)
                0x00020a80                strcat
 .text          0x00020a9c        0x0 ../../lib/libc.a(strcmp.o)
 .text.strcmp   0x00020a9c       0x28 ../../lib/libc.a(strcmp.o)
                0x00020a9c                strcmp
 .text          0x00020ac4        0x0 ../../lib/libc.a(strcpy.o)
 .text.strcpy   0x00020ac4       0x1c ../../lib/libc.a(strcpy.o)
                0x00020ac4                strcpy
 .text          0x00020ae0        0x0 ../../lib/libc.a(strlen.o)
 .text.strlen   0x00020ae0       0x1a ../../lib/libc.a(strlen.o)
                0x00020ae0                strlen
 *fill*         0x00020afa        0x2 
 .text          0x00020afc        0x0 ../../lib/libc.a(rune.o)
 .text.setrunelocale
                0x00020afc      0x2d6 ../../lib/libc.a(rune.o)
                0x00020afc                setrunelocale
 .text.setinvalidrune
                0x00020dd2        0xe ../../lib/libc.a(rune.o)
                0x00020dd2                setinvalidrune
 .text.___runetype
                0x00020de0       0x62 ../../lib/libc.a(rune.o)
                0x00020de0                ___runetype
 .text.___toupper
                0x00020e42       0x42 ../../lib/libc.a(rune.o)
                0x00020e42                ___toupper
 .text.___tolower
                0x00020e84       0x42 ../../lib/libc.a(rune.o)
                0x00020e84                ___tolower
 *fill*         0x00020ec6        0x2 
 .text          0x00020ec8        0x0 ../../lib/libc.a(table.o)
 .text          0x00020ec8        0x0 ../../lib/libc.a(utf2.o)
 .text._UTF2_sgetrune
                0x00020ec8      0x118 ../../lib/libc.a(utf2.o)
                0x00020ec8                _UTF2_sgetrune
 .text._UTF2_sputrune
                0x00020fe0       0xec ../../lib/libc.a(utf2.o)
                0x00020fe0                _UTF2_sputrune
 .text._UTF2_init
                0x000210cc       0x26 ../../lib/libc.a(utf2.o)
                0x000210cc                _UTF2_init
 *fill*         0x000210f2        0x2 
 .text          0x000210f4        0x0 ../../lib/libc.a(getenv.o)
 .text.getenv   0x000210f4       0xba ../../lib/libc.a(getenv.o)
                0x000210f4                getenv
 .text.setenv   0x000211ae        0x4 ../../lib/libc.a(getenv.o)
                0x000211ae                setenv
 *fill*         0x000211b2        0x2 
 .text          0x000211b4        0x0 ../../lib/libc.a(kinit.o)
 .text.__kinit  0x000211b4       0x2c ../../lib/libc.a(kinit.o)
                0x000211b4                __kinit
 .text          0x000211e0        0x0 ../../lib/libc.a(misc.o)
 .text.getpagesize
                0x000211e0        0x8 ../../lib/libc.a(misc.o)
                0x000211e0                getpagesize
 .text.getdtablesize
                0x000211e8        0x4 ../../lib/libc.a(misc.o)
                0x000211e8                getdtablesize
 .text.creat    0x000211ec        0xe ../../lib/libc.a(misc.o)
                0x000211ec                creat
 *fill*         0x000211fa        0x2 
 .text          0x000211fc        0x0 ../../lib/libc.a(sbrk.o)
 .text.brk      0x000211fc       0x2e ../../lib/libc.a(sbrk.o)
                0x000211fc                brk
 .text.sbrk     0x0002122a       0x32 ../../lib/libc.a(sbrk.o)
                0x0002122a                sbrk
 .text          0x0002125c        0x0 ../../lib/libc.a(stat.o)
 .text.fstat    0x0002125c       0xa6 ../../lib/libc.a(stat.o)
                0x0002125c                fstat
 .text.stat     0x00021302       0x4c ../../lib/libc.a(stat.o)
                0x00021302                stat
 .text.lstat    0x0002134e       0x4c ../../lib/libc.a(stat.o)
                0x0002134e                lstat
 .text          0x0002139a       0x94 ../../lib/libc.a(syscalls.o)
                0x000213a2                consputc
                0x000213aa                _exit
                0x000213b2                read
                0x000213ba                write
                0x000213c2                open
                0x000213ca                close
                0x000213d2                link
                0x000213da                unlink
                0x000213e2                chdir
                0x000213ea                sys_fstat
                0x000213f2                dup
                0x000213fa                mkdir
                0x00021402                spawn
                0x0002140a                consgetc
                0x00021412                lseek
                0x0002141a                time
                0x00021424                ioctl
 *fill*         0x0002142e        0x2 
 .text          0x00021430        0x0 ../../lib/libc.a(tcgetattr.o)
 .text.tcgetattr
                0x00021430       0x18 ../../lib/libc.a(tcgetattr.o)
                0x00021430                tcgetattr
 .text.tcsetattr
                0x00021448        0xe ../../lib/libc.a(tcgetattr.o)
                0x00021448                tcsetattr
 .text.cfmakeraw
                0x00021456        0xa ../../lib/libc.a(tcgetattr.o)
                0x00021456                cfmakeraw
 .text.tcsendbreak
                0x00021460        0x4 ../../lib/libc.a(tcgetattr.o)
                0x00021460                tcsendbreak
 .text          0x00021464        0x0 ../../lib/libc.a(errlst.o)
 .text          0x00021464        0x0 ../../lib/libc.a(flags.o)
 .text.__sflags
                0x00021464       0x7e ../../lib/libc.a(flags.o)
                0x00021464                __sflags
 *fill*         0x000214e2        0x2 
 .text          0x000214e4        0x0 ../../lib/libc.a(fread.o)
 .text.fread    0x000214e4       0xb4 ../../lib/libc.a(fread.o)
                0x000214e4                fread
 .text          0x00021598        0x0 ../../lib/libc.a(makebuf.o)
 .text.__swhatbuf
                0x00021598       0xa0 ../../lib/libc.a(makebuf.o)
                0x00021598                __swhatbuf
 .text.__smakebuf
                0x00021638       0xba ../../lib/libc.a(makebuf.o)
                0x00021638                __smakebuf
 *fill*         0x000216f2        0x2 
 .text          0x000216f4        0x0 ../../lib/libc.a(rewind.o)
 .text.rewind   0x000216f4       0x26 ../../lib/libc.a(rewind.o)
                0x000216f4                rewind
 *fill*         0x0002171a        0x2 
 .text          0x0002171c        0x0 ../../lib/libc.a(atexit.o)
 .text.atexit   0x0002171c       0x9a ../../lib/libc.a(atexit.o)
                0x0002171c                atexit
 *fill*         0x000217b6        0x2 
 .text          0x000217b8        0x0 ../../lib/libc.a(memcmp.o)
 .text.memcmp   0x000217b8       0x3a ../../lib/libc.a(memcmp.o)
                0x000217b8                memcmp
 *fill*         0x000217f2        0x2 
 .text          0x000217f4        0x0 ../../lib/libc.a(strchr.o)
 .text.strchr   0x000217f4       0x22 ../../lib/libc.a(strchr.o)
                0x000217f4                strchr
 *fill*         0x00021816        0x2 
 .text          0x00021818        0x0 ../../lib/libc.a(strdup.o)
 .text.strdup   0x00021818       0x44 ../../lib/libc.a(strdup.o)
                0x00021818                strdup
 .text          0x0002185c        0x0 ../../lib/libc.a(strrchr.o)
 .text.strrchr  0x0002185c       0x24 ../../lib/libc.a(strrchr.o)
                0x0002185c                strrchr
 .text          0x00021880        0x0 ../../lib/libc.a(euc.o)
 .text._EUC_sgetrune
                0x00021880       0xba ../../lib/libc.a(euc.o)
                0x00021880                _EUC_sgetrune
 .text._EUC_sputrune
                0x0002193a      0x10c ../../lib/libc.a(euc.o)
                0x0002193a                _EUC_sputrune
 .text._EUC_init
                0x00021a46      0x196 ../../lib/libc.a(euc.o)
                0x00021a46                _EUC_init
 .text          0x00021bdc        0x0 ../../lib/libc.a(none.o)
 .text._none_sgetrune
                0x00021bdc       0x3a ../../lib/libc.a(none.o)
                0x00021bdc                _none_sgetrune
 .text._none_sputrune
                0x00021c16       0x36 ../../lib/libc.a(none.o)
                0x00021c16                _none_sputrune
 .text._none_init
                0x00021c4c       0x26 ../../lib/libc.a(none.o)
                0x00021c4c                _none_init
 *fill*         0x00021c72        0x2 
 .text          0x00021c74        0x0 ../../lib/libc.a(isatty.o)
 .text.isatty   0x00021c74       0x2e ../../lib/libc.a(isatty.o)
                0x00021c74                isatty
 *fill*         0x00021ca2        0x2 
 .text          0x00021ca4        0x0 ../../lib/libc.a(fseek.o)
 .text.fseek    0x00021ca4      0x35a ../../lib/libc.a(fseek.o)
                0x00021ca4                fseek
 *fill*         0x00021ffe        0x2 
 .text          0x00022000        0x0 ../../lib/libc.a(strtol.o)
 .text.strtol   0x00022000      0x306 ../../lib/libc.a(strtol.o)
                0x00022000                strtol
 *fill*         0x00022306        0x2 
 .text          0x00022308       0x22 /home/linuxbrew/.linuxbrew/Cellar/gcc-cross-m68k@13/13.3.0/lib/gcc/m68k-elf/13.3.0/m68000/libgcc.a(_mulsi3.o)
                0x00022308                __mulsi3_internal
                0x00022308                __mulsi3
 *fill*         0x0002232a        0x2 
 .text          0x0002232c       0x5c /home/linuxbrew/.linuxbrew/Cellar/gcc-cross-m68k@13/13.3.0/lib/gcc/m68k-elf/13.3.0/m68000/libgcc.a(_udivsi3.o)
                0x0002232c                __udivsi3_internal
                0x0002232c                __udivsi3
 .text          0x00022388       0x2e /home/linuxbrew/.linuxbrew/Cellar/gcc-cross-m68k@13/13.3.0/lib/gcc/m68k-elf/13.3.0/m68000/libgcc.a(_divsi3.o)
                0x00022388                __divsi3_internal
                0x00022388                __divsi3
 *fill*         0x000223b6        0x2 
 .text          0x000223b8       0x2e /home/linuxbrew/.linuxbrew/Cellar/gcc-cross-m68k@13/13.3.0/lib/gcc/m68k-elf/13.3.0/m68000/libgcc.a(_umodsi3.o)
                0x000223b8                __umodsi3
 *fill*         0x000223e6        0x2 
 .text          0x000223e8       0x2e /home/linuxbrew/.linuxbrew/Cellar/gcc-cross-m68k@13/13.3.0/lib/gcc/m68k-elf/13.3.0/m68000/libgcc.a(_modsi3.o)
                0x000223e8                __modsi3
 *fill*         0x00022416        0x2 
 .text          0x00022418      0x562 /home/linuxbrew/.linuxbrew/Cellar/gcc-cross-m68k@13/13.3.0/lib/gcc/m68k-elf/13.3.0/m68000/libgcc.a(_udivdi3.o)
                0x00022418                __udivdi3
 *fill*         0x0002297a        0x2 
 .text          0x0002297c      0x4f6 /home/linuxbrew/.linuxbrew/Cellar/gcc-cross-m68k@13/13.3.0/lib/gcc/m68k-elf/13.3.0/m68000/libgcc.a(_umoddi3.o)
                0x0002297c                __umoddi3
 *fill*         0x00022e72        0x2 
 .text          0x00022e74        0x0 /home/linuxbrew/.linuxbrew/Cellar/gcc-cross-m68k@13/13.3.0/lib/gcc/m68k-elf/13.3.0/m68000/libgcc.a(_clz.o)
 *(.rodata*)
 .rodata.main.str1.1
                0x00022e74       0x16 s.o
 .rodata.add_rec.str1.1
                0x00022e8a       0x13 Bman.o
 .rodata.b_delete.str1.1
                0x00022e9d       0x47 Bman.o
 .rodata.b_gets.str1.1
                0x00022ee4       0x22 Bman.o
                                 0x23 (size before relaxing)
 .rodata.b_insert.str1.1
                0x00022f06       0x24 Bman.o
 .rodata.b_lineid.str1.1
                0x00022f2a       0x24 Bman.o
 .rodata.b_replace.str1.1
                0x00022f4e       0x25 Bman.o
 .rodata.b_setcur.str1.1
                0x00022f73       0x3e Bman.o
 .rodata.undo.str1.1
                0x00022fb1       0x43 Bman.o
 .rodata.write_lines.str1.1
                0x00022ff4       0x58 commands.o
                                 0x5d (size before relaxing)
 .rodata.do_read.str1.1
                0x0002304c       0x19 commands.o
 .rodata.simp_cmd.str1.1
                0x00023065       0xd7 commands.o
                                 0xd9 (size before relaxing)
 .rodata        0x0002313c        0x2 commands.o
 .rodata.k_donext.str1.1
                0x0002313e       0x1e keyboard.o
 .rodata.k_redo.str1.1
                0x0002315c       0x30 keyboard.o
 .rodata.fatal.str1.1
                0x0002318c        0x5 lib.o
                                  0x9 (size before relaxing)
 .rodata.ckopen.str1.1
                0x00023191       0x10 lib.o
 .rodata.ckalloc.str1.1
                0x000231a1       0x13 lib.o
 .rodata.do_delete.str1.1
                0x000231b4       0x2d operator.o
 .rodata.operator.str1.1
                0x000231b4       0x78 operator.o
 .rodata.scr_clr.str1.1
                0x0002322c        0x7 screen.o
 .rodata.scr_cls.str1.1
                0x00023233        0x3 screen.o
 .rodata.scr_delc.str1.1
                0x00023236        0x2 screen.o
 .rodata.scr_delr.str1.1
                0x00023238        0x2 screen.o
 .rodata.scr_inr.str1.1
                0x0002323a        0x2 screen.o
 .rodata.scr_move.str1.1
                0x0002323c       0x3f screen.o
 .rodata.scr_instr.str1.1
                0x0002327b       0x61 screen.o
 .rodata.scr_puts.str1.1
                0x000232dc       0x85 screen.o
 .rodata.scroll.str1.1
                0x00023361        0x2 Sman.o
                                  0x3 (size before relaxing)
 .rodata.bottom.str1.1
                0x00023363       0x2b Sman.o
 .rodata.s_init.str1.1
                0x0002338e       0x3f Sman.o
 .rodata.do_put.str1.1
                0x000233cd        0xf yank.o
 .rodata.empty.0
                0x000233dc       0x54 ../../lib/libc.a(findfp.o)
 .rodata.vfprintf.str1.1
                0x00023430       0x29 ../../lib/libc.a(vfprintf.o)
 .rodata.free.str1.1
                0x00023459       0x1f ../../lib/libc.a(malloc.o)
 .rodata.setrunelocale.str1.1
                0x00023478       0x4a ../../lib/libc.a(rune.o)
                                 0x4e (size before relaxing)
 .rodata._utf_count
                0x000234c2       0x40 ../../lib/libc.a(utf2.o)
 .rodata.getenv.str1.1
                0x00023502        0x9 ../../lib/libc.a(getenv.o)
                                  0xb (size before relaxing)
 .rodata.str1.1
                0x0002350b      0x730 ../../lib/libc.a(errlst.o)
 .rodata        0x00023c3b      0x100 /home/linuxbrew/.linuxbrew/Cellar/gcc-cross-m68k@13/13.3.0/lib/gcc/m68k-elf/13.3.0/m68000/libgcc.a(_clz.o)
                0x00023c3b                __clz_tab
                0x00023d3b                        _code_end = .

.eh_frame       0x00023d3c      0x230 load address 0x0004bd3c
 .eh_frame      0x00023d3c      0x12c /home/linuxbrew/.linuxbrew/Cellar/gcc-cross-m68k@13/13.3.0/lib/gcc/m68k-elf/13.3.0/m68000/libgcc.a(_udivdi3.o)
 .eh_frame      0x00023e68      0x104 /home/linuxbrew/.linuxbrew/Cellar/gcc-cross-m68k@13/13.3.0/lib/gcc/m68k-elf/13.3.0/m68000/libgcc.a(_umoddi3.o)
                                0x11c (size before relaxing)
                0x00024000                        . = DATA_SEGMENT_ALIGN (CONSTANT (MAXPAGESIZE), CONSTANT (COMMONPAGESIZE))

.ctors          0x00024000        0x0
                0x00024000                        _ctors = .
 *(.ctors)
 *(SORT_BY_NAME(.ctors.*))
                0x00024000                        _ctors_end = .

.dtors          0x00024000        0x0
                0x00024000                        _dtors = .
 *(SORT_BY_NAME(.dtors.*))
 *(.dtors)
                0x00024000                        _dtors_end = .

.data           0x00024000      0xee4 load address 0x0004c000
                0x00024000                        _data_start = .
 *(.data*)
 .data          0x00024000        0x0 s.o
 .data          0x00024000        0x0 address.o
 .data.scroll_size.7
                0x00024000        0x4 address.o
 .data          0x00024004        0x0 adjust.o
 .data          0x00024004        0x0 Bman.o
 .data          0x00024004        0x0 buffer.o
 .data          0x00024004        0x0 commands.o
 .data          0x00024004        0x0 keyboard.o
 .data.push_ptr
                0x00024004        0x4 keyboard.o
 .data.cmd_ptr  0x00024008        0x4 keyboard.o
 .data          0x0002400c        0x0 lib.o
 .data          0x0002400c        0x0 operator.o
 .data          0x0002400c        0x0 screen.o
 .data          0x0002400c        0x0 Sman.o
 .data          0x0002400c        0x0 yank.o
 .data          0x0002400c        0x0 ../../lib/libc.a(fclose.o)
 .data          0x0002400c        0x0 ../../lib/libc.a(fflush.o)
 .data          0x0002400c        0x0 ../../lib/libc.a(fgets.o)
 .data          0x0002400c        0x0 ../../lib/libc.a(findfp.o)
 .data.__sF     0x0002400c       0xfc ../../lib/libc.a(findfp.o)
                0x0002400c                __sF
 .data.uglue    0x00024108        0xc ../../lib/libc.a(findfp.o)
 .data.__sglue  0x00024114        0xc ../../lib/libc.a(findfp.o)
                0x00024114                __sglue
 .data          0x00024120        0x0 ../../lib/libc.a(fopen.o)
 .data          0x00024120        0x0 ../../lib/libc.a(fprintf.o)
 .data          0x00024120        0x0 ../../lib/libc.a(fputs.o)
 .data          0x00024120        0x0 ../../lib/libc.a(fvwrite.o)
 .data          0x00024120        0x0 ../../lib/libc.a(fwalk.o)
 .data          0x00024120        0x0 ../../lib/libc.a(printf.o)
 .data          0x00024120        0x0 ../../lib/libc.a(refill.o)
 .data          0x00024120        0x0 ../../lib/libc.a(sprintf.o)
 .data          0x00024120        0x0 ../../lib/libc.a(stdio.o)
 .data          0x00024120        0x0 ../../lib/libc.a(vfprintf.o)
 .data.zeroes.0
                0x00024120       0x10 ../../lib/libc.a(vfprintf.o)
 .data.blanks.1
                0x00024130       0x10 ../../lib/libc.a(vfprintf.o)
 .data          0x00024140        0x0 ../../lib/libc.a(wbuf.o)
 .data          0x00024140        0x0 ../../lib/libc.a(wsetup.o)
 .data          0x00024140        0x0 ../../lib/libc.a(exit.o)
 .data          0x00024140        0x0 ../../lib/libc.a(malloc.o)
 .data          0x00024140        0x0 ../../lib/libc.a(bcopy.o)
 .data          0x00024140        0x0 ../../lib/libc.a(memchr.o)
 .data          0x00024140        0x0 ../../lib/libc.a(memcpy.o)
 .data          0x00024140        0x0 ../../lib/libc.a(strcat.o)
 .data          0x00024140        0x0 ../../lib/libc.a(strcmp.o)
 .data          0x00024140        0x0 ../../lib/libc.a(strcpy.o)
 .data          0x00024140        0x0 ../../lib/libc.a(strlen.o)
 .data          0x00024140        0x0 ../../lib/libc.a(rune.o)
 .data          0x00024140        0x0 ../../lib/libc.a(table.o)
 .data.__mb_cur_max
                0x00024140        0x4 ../../lib/libc.a(table.o)
                0x00024140                __mb_cur_max
 .data._CurrentRuneLocale
                0x00024144        0x4 ../../lib/libc.a(table.o)
                0x00024144                _CurrentRuneLocale
 .data._DefaultRuneLocale
                0x00024148      0xc54 ../../lib/libc.a(table.o)
                0x00024148                _DefaultRuneLocale
 .data          0x00024d9c        0x0 ../../lib/libc.a(utf2.o)
 .data          0x00024d9c        0x0 ../../lib/libc.a(getenv.o)
 .data          0x00024d9c        0x0 ../../lib/libc.a(kinit.o)
 .data          0x00024d9c        0x0 ../../lib/libc.a(misc.o)
 .data          0x00024d9c        0x0 ../../lib/libc.a(sbrk.o)
 .data.curbrk   0x00024d9c        0x4 ../../lib/libc.a(sbrk.o)
 .data          0x00024da0        0x0 ../../lib/libc.a(stat.o)
 .data          0x00024da0        0x0 ../../lib/libc.a(tcgetattr.o)
 .data          0x00024da0        0x0 ../../lib/libc.a(errlst.o)
 .data.sys_nerr
                0x00024da0        0x4 ../../lib/libc.a(errlst.o)
                0x00024da0                sys_nerr
 .data.sys_errlist
                0x00024da4      0x140 ../../lib/libc.a(errlst.o)
                0x00024da4                sys_errlist
 .data          0x00024ee4        0x0 ../../lib/libc.a(flags.o)
 .data          0x00024ee4        0x0 ../../lib/libc.a(fread.o)
 .data          0x00024ee4        0x0 ../../lib/libc.a(makebuf.o)
 .data          0x00024ee4        0x0 ../../lib/libc.a(rewind.o)
 .data          0x00024ee4        0x0 ../../lib/libc.a(atexit.o)
 .data          0x00024ee4        0x0 ../../lib/libc.a(memcmp.o)
 .data          0x00024ee4        0x0 ../../lib/libc.a(strchr.o)
 .data          0x00024ee4        0x0 ../../lib/libc.a(strdup.o)
 .data          0x00024ee4        0x0 ../../lib/libc.a(strrchr.o)
 .data          0x00024ee4        0x0 ../../lib/libc.a(euc.o)
 .data          0x00024ee4        0x0 ../../lib/libc.a(none.o)
 .data          0x00024ee4        0x0 ../../lib/libc.a(isatty.o)
 .data          0x00024ee4        0x0 ../../lib/libc.a(fseek.o)
 .data          0x00024ee4        0x0 ../../lib/libc.a(strtol.o)
 .data          0x00024ee4        0x0 /home/linuxbrew/.linuxbrew/Cellar/gcc-cross-m68k@13/13.3.0/lib/gcc/m68k-elf/13.3.0/m68000/libgcc.a(_mulsi3.o)
 .data          0x00024ee4        0x0 /home/linuxbrew/.linuxbrew/Cellar/gcc-cross-m68k@13/13.3.0/lib/gcc/m68k-elf/13.3.0/m68000/libgcc.a(_udivsi3.o)
 .data          0x00024ee4        0x0 /home/linuxbrew/.linuxbrew/Cellar/gcc-cross-m68k@13/13.3.0/lib/gcc/m68k-elf/13.3.0/m68000/libgcc.a(_divsi3.o)
 .data          0x00024ee4        0x0 /home/linuxbrew/.linuxbrew/Cellar/gcc-cross-m68k@13/13.3.0/lib/gcc/m68k-elf/13.3.0/m68000/libgcc.a(_umodsi3.o)
 .data          0x00024ee4        0x0 /home/linuxbrew/.linuxbrew/Cellar/gcc-cross-m68k@13/13.3.0/lib/gcc/m68k-elf/13.3.0/m68000/libgcc.a(_modsi3.o)
 .data          0x00024ee4        0x0 /home/linuxbrew/.linuxbrew/Cellar/gcc-cross-m68k@13/13.3.0/lib/gcc/m68k-elf/13.3.0/m68000/libgcc.a(_udivdi3.o)
 .data          0x00024ee4        0x0 /home/linuxbrew/.linuxbrew/Cellar/gcc-cross-m68k@13/13.3.0/lib/gcc/m68k-elf/13.3.0/m68000/libgcc.a(_umoddi3.o)
 .data          0x00024ee4        0x0 /home/linuxbrew/.linuxbrew/Cellar/gcc-cross-m68k@13/13.3.0/lib/gcc/m68k-elf/13.3.0/m68000/libgcc.a(_clz.o)
                0x00024ee4                        . = ALIGN (0x4)
                0x00024ee4                        _data_end = .

.bss            0x00024ee4     0x1704 load address 0x0004cee4
                0x00024ee4                        _bss_start = .
 *(.bss*)
 .bss           0x00024ee4        0x0 s.o
 .bss           0x00024ee4        0x0 address.o
 .bss.string.0  0x00024ee4      0x3e7 address.o
 *fill*         0x000252cb        0x1 
 .bss.way.1     0x000252cc        0x4 address.o
 .bss.w.2       0x000252d0        0x4 address.o
 .bss.c.3       0x000252d4        0x1 address.o
 *fill*         0x000252d5        0x1 
 .bss.col.4     0x000252d6        0x4 address.o
 .bss.prev_pos.5
                0x000252da        0x4 address.o
 .bss.prev_line.6
                0x000252de        0x4 address.o
 *fill*         0x000252e2        0x2 
 .bss           0x000252e4        0x0 adjust.o
 .bss           0x000252e4        0x0 Bman.o
 .bss.nospace.0
                0x000252e4        0x4 Bman.o
 .bss.prev_recs
                0x000252e8        0x4 Bman.o
 .bss.curr_recs
                0x000252ec        0x4 Bman.o
 .bss.modified  0x000252f0        0x4 Bman.o
 .bss.mark_pos  0x000252f4        0x4 Bman.o
 .bss.mark_id   0x000252f8        0x4 Bman.o
 .bss.pos_start
                0x000252fc        0x4 Bman.o
 .bss.line_start
                0x00025300        0x4 Bman.o
 .bss.pos_prev  0x00025304        0x4 Bman.o
 .bss.line_prev
                0x00025308        0x4 Bman.o
 .bss.cur_pos   0x0002530c        0x4 Bman.o
 .bss.cur_line  0x00025310        0x4 Bman.o
 .bss.changed   0x00025314        0x4 Bman.o
 .bss.b_count   0x00025318        0x4 Bman.o
 .bss           0x0002531c        0x0 buffer.o
 .bss.ref_nbr   0x0002531c        0x4 buffer.o
 .bss.last_id   0x00025320        0x4 buffer.o
 .bss.ref_line  0x00025324        0x4 buffer.o
 .bss.line0     0x00025328       0x10 buffer.o
 .bss           0x00025338        0x0 commands.o
 .bss.all_lines.0
                0x00025338        0x4 commands.o
 .bss.iterations.1
                0x0002533c        0x4 commands.o
 .bss.start_pos.2
                0x00025340        0x4 commands.o
 .bss.start_line.3
                0x00025344        0x4 commands.o
 .bss.doing_star.4
                0x00025348        0x4 commands.o
 .bss.cur_file  0x0002534c      0x3e8 commands.o
 .bss           0x00025734        0x0 keyboard.o
 .bss.k_raw     0x00025734        0x4 keyboard.o
 .bss.pushed    0x00025738      0x1f4 keyboard.o
 .bss.command   0x0002592c      0x1f6 keyboard.o
 .bss.cmd_last  0x00025b22        0x1 keyboard.o
 .bss.change    0x00025b23      0x1f6 keyboard.o
 *fill*         0x00025d19        0x3 
 .bss           0x00025d1c        0x0 lib.o
 .bss.prog_name
                0x00025d1c       0x33 lib.o
 *fill*         0x00025d4f        0x1 
 .bss           0x00025d50        0x0 operator.o
 .bss           0x00025d50        0x0 screen.o
 .bss.bad_bytes.0
                0x00025d50        0x4 screen.o
 .bss.save      0x00025d54        0x1 screen.o
 *fill*         0x00025d55        0x1 
 .bss.cur_col   0x00025d56        0x4 screen.o
 .bss.cur_row   0x00025d5a        0x4 screen.o
 *fill*         0x00025d5e        0x2 
 .bss           0x00025d60        0x0 Sman.o
 .bss.last_text.0
                0x00025d60       0x51 Sman.o
 *fill*         0x00025db1        0x1 
 .bss.text      0x00025db2       0x64 Sman.o
 .bss.msg_save  0x00025e16       0x51 Sman.o
 *fill*         0x00025e67        0x1 
 .bss.nrows     0x00025e68        0x4 Sman.o
 .bss.ncols     0x00025e6c        0x4 Sman.o
 .bss.last_row  0x00025e70        0x4 Sman.o
 .bss.keyboard  0x00025e74        0x4 Sman.o
 .bss.id        0x00025e78       0x64 Sman.o
 .bss.first_line
                0x00025edc        0x4 Sman.o
 .bss           0x00025ee0        0x0 yank.o
 .bss.start     0x00025ee0        0x4 yank.o
 .bss           0x00025ee4        0x0 ../../lib/libc.a(fclose.o)
 .bss           0x00025ee4        0x0 ../../lib/libc.a(fflush.o)
 .bss           0x00025ee4        0x0 ../../lib/libc.a(fgets.o)
 .bss           0x00025ee4        0x0 ../../lib/libc.a(findfp.o)
 .bss.usual     0x00025ee4      0x594 ../../lib/libc.a(findfp.o)
 .bss.__sdidinit
                0x00026478        0x4 ../../lib/libc.a(findfp.o)
                0x00026478                __sdidinit
 .bss.__cleanup
                0x0002647c        0x4 ../../lib/libc.a(findfp.o)
                0x0002647c                __cleanup
 .bss           0x00026480        0x0 ../../lib/libc.a(fopen.o)
 .bss           0x00026480        0x0 ../../lib/libc.a(fprintf.o)
 .bss           0x00026480        0x0 ../../lib/libc.a(fputs.o)
 .bss           0x00026480        0x0 ../../lib/libc.a(fvwrite.o)
 .bss           0x00026480        0x0 ../../lib/libc.a(fwalk.o)
 .bss           0x00026480        0x0 ../../lib/libc.a(printf.o)
 .bss           0x00026480        0x0 ../../lib/libc.a(refill.o)
 .bss           0x00026480        0x0 ../../lib/libc.a(sprintf.o)
 .bss           0x00026480        0x0 ../../lib/libc.a(stdio.o)
 .bss           0x00026480        0x0 ../../lib/libc.a(vfprintf.o)
 .bss           0x00026480        0x0 ../../lib/libc.a(wbuf.o)
 .bss           0x00026480        0x0 ../../lib/libc.a(wsetup.o)
 .bss           0x00026480        0x0 ../../lib/libc.a(exit.o)
 .bss           0x00026480        0x0 ../../lib/libc.a(malloc.o)
 .bss._empty    0x00026480        0x4 ../../lib/libc.a(malloc.o)
 .bss._top      0x00026484        0x4 ../../lib/libc.a(malloc.o)
 .bss._bottom   0x00026488        0x4 ../../lib/libc.a(malloc.o)
 .bss           0x0002648c        0x0 ../../lib/libc.a(bcopy.o)
 .bss           0x0002648c        0x0 ../../lib/libc.a(memchr.o)
 .bss           0x0002648c        0x0 ../../lib/libc.a(memcpy.o)
 .bss           0x0002648c        0x0 ../../lib/libc.a(strcat.o)
 .bss           0x0002648c        0x0 ../../lib/libc.a(strcmp.o)
 .bss           0x0002648c        0x0 ../../lib/libc.a(strcpy.o)
 .bss           0x0002648c        0x0 ../../lib/libc.a(strlen.o)
 .bss           0x0002648c        0x0 ../../lib/libc.a(rune.o)
 .bss.PathLocale
                0x0002648c        0x4 ../../lib/libc.a(rune.o)
 .bss           0x00026490        0x0 ../../lib/libc.a(table.o)
 .bss           0x00026490        0x0 ../../lib/libc.a(utf2.o)
 .bss           0x00026490        0x0 ../../lib/libc.a(getenv.o)
 .bss._env_line
                0x00026490       0xc8 ../../lib/libc.a(getenv.o)
                0x00026490                _env_line
 .bss           0x00026558        0x0 ../../lib/libc.a(kinit.o)
 .bss           0x00026558        0x0 ../../lib/libc.a(misc.o)
 .bss           0x00026558        0x0 ../../lib/libc.a(sbrk.o)
 .bss           0x00026558        0x0 ../../lib/libc.a(stat.o)
 .bss           0x00026558        0x0 ../../lib/libc.a(tcgetattr.o)
 .bss           0x00026558        0x0 ../../lib/libc.a(errlst.o)
 .bss.errno     0x00026558        0x4 ../../lib/libc.a(errlst.o)
                0x00026558                errno
 .bss           0x0002655c        0x0 ../../lib/libc.a(flags.o)
 .bss           0x0002655c        0x0 ../../lib/libc.a(fread.o)
 .bss           0x0002655c        0x0 ../../lib/libc.a(makebuf.o)
 .bss           0x0002655c        0x0 ../../lib/libc.a(rewind.o)
 .bss           0x0002655c        0x0 ../../lib/libc.a(atexit.o)
 .bss.__atexit0.0
                0x0002655c       0x88 ../../lib/libc.a(atexit.o)
 .bss.__atexit  0x000265e4        0x4 ../../lib/libc.a(atexit.o)
                0x000265e4                __atexit
 .bss           0x000265e8        0x0 ../../lib/libc.a(memcmp.o)
 .bss           0x000265e8        0x0 ../../lib/libc.a(strchr.o)
 .bss           0x000265e8        0x0 ../../lib/libc.a(strdup.o)
 .bss           0x000265e8        0x0 ../../lib/libc.a(strrchr.o)
 .bss           0x000265e8        0x0 ../../lib/libc.a(euc.o)
 .bss           0x000265e8        0x0 ../../lib/libc.a(none.o)
 .bss           0x000265e8        0x0 ../../lib/libc.a(isatty.o)
 .bss           0x000265e8        0x0 ../../lib/libc.a(fseek.o)
 .bss           0x000265e8        0x0 ../../lib/libc.a(strtol.o)
 .bss           0x000265e8        0x0 /home/linuxbrew/.linuxbrew/Cellar/gcc-cross-m68k@13/13.3.0/lib/gcc/m68k-elf/13.3.0/m68000/libgcc.a(_mulsi3.o)
 .bss           0x000265e8        0x0 /home/linuxbrew/.linuxbrew/Cellar/gcc-cross-m68k@13/13.3.0/lib/gcc/m68k-elf/13.3.0/m68000/libgcc.a(_udivsi3.o)
 .bss           0x000265e8        0x0 /home/linuxbrew/.linuxbrew/Cellar/gcc-cross-m68k@13/13.3.0/lib/gcc/m68k-elf/13.3.0/m68000/libgcc.a(_divsi3.o)
 .bss           0x000265e8        0x0 /home/linuxbrew/.linuxbrew/Cellar/gcc-cross-m68k@13/13.3.0/lib/gcc/m68k-elf/13.3.0/m68000/libgcc.a(_umodsi3.o)
 .bss           0x000265e8        0x0 /home/linuxbrew/.linuxbrew/Cellar/gcc-cross-m68k@13/13.3.0/lib/gcc/m68k-elf/13.3.0/m68000/libgcc.a(_modsi3.o)
 .bss           0x000265e8        0x0 /home/linuxbrew/.linuxbrew/Cellar/gcc-cross-m68k@13/13.3.0/lib/gcc/m68k-elf/13.3.0/m68000/libgcc.a(_udivdi3.o)
 .bss           0x000265e8        0x0 /home/linuxbrew/.linuxbrew/Cellar/gcc-cross-m68k@13/13.3.0/lib/gcc/m68k-elf/13.3.0/m68000/libgcc.a(_umoddi3.o)
 .bss           0x000265e8        0x0 /home/linuxbrew/.linuxbrew/Cellar/gcc-cross-m68k@13/13.3.0/lib/gcc/m68k-elf/13.3.0/m68000/libgcc.a(_clz.o)
 *(COMMON)
                0x000265e8                        . = ALIGN (0x4)
                0x000265e8                        _bss_end = .
                0x000265e8                        . = DATA_SEGMENT_END (.)
                0x000265e8                        _end = .
OUTPUT(s.elf elf32-m68k)

.debug_info     0x00000000     0xaf32
 .debug_info    0x00000000      0x85c s.o
 .debug_info    0x0000085c      0xf88 address.o
 .debug_info    0x000017e4      0x48c adjust.o
 .debug_info    0x00001c70      0xc9d Bman.o
 .debug_info    0x0000290d      0x3d5 buffer.o
 .debug_info    0x00002ce2     0x1382 commands.o
 .debug_info    0x00004064      0x9a6 keyboard.o
 .debug_info    0x00004a0a      0x6ac lib.o
 .debug_info    0x000050b6      0xbcc operator.o
 .debug_info    0x00005c82      0xddb screen.o
 .debug_info    0x00006a5d     0x1ea3 Sman.o
 .debug_info    0x00008900      0x614 yank.o
 .debug_info    0x00008f14      0x421 ../../lib/libc.a(getenv.o)
 .debug_info    0x00009335       0xc8 ../../lib/libc.a(kinit.o)
 .debug_info    0x000093fd      0x10b ../../lib/libc.a(misc.o)
 .debug_info    0x00009508      0x18c ../../lib/libc.a(sbrk.o)
 .debug_info    0x00009694      0x423 ../../lib/libc.a(stat.o)
 .debug_info    0x00009ab7      0x208 ../../lib/libc.a(tcgetattr.o)
 .debug_info    0x00009cbf      0x216 ../../lib/libc.a(isatty.o)
 .debug_info    0x00009ed5       0x24 /home/linuxbrew/.linuxbrew/Cellar/gcc-cross-m68k@13/13.3.0/lib/gcc/m68k-elf/13.3.0/m68000/libgcc.a(_mulsi3.o)
 .debug_info    0x00009ef9       0x24 /home/linuxbrew/.linuxbrew/Cellar/gcc-cross-m68k@13/13.3.0/lib/gcc/m68k-elf/13.3.0/m68000/libgcc.a(_udivsi3.o)
 .debug_info    0x00009f1d       0x24 /home/linuxbrew/.linuxbrew/Cellar/gcc-cross-m68k@13/13.3.0/lib/gcc/m68k-elf/13.3.0/m68000/libgcc.a(_divsi3.o)
 .debug_info    0x00009f41       0x24 /home/linuxbrew/.linuxbrew/Cellar/gcc-cross-m68k@13/13.3.0/lib/gcc/m68k-elf/13.3.0/m68000/libgcc.a(_umodsi3.o)
 .debug_info    0x00009f65       0x24 /home/linuxbrew/.linuxbrew/Cellar/gcc-cross-m68k@13/13.3.0/lib/gcc/m68k-elf/13.3.0/m68000/libgcc.a(_modsi3.o)
 .debug_info    0x00009f89      0x763 /home/linuxbrew/.linuxbrew/Cellar/gcc-cross-m68k@13/13.3.0/lib/gcc/m68k-elf/13.3.0/m68000/libgcc.a(_udivdi3.o)
 .debug_info    0x0000a6ec      0x76e /home/linuxbrew/.linuxbrew/Cellar/gcc-cross-m68k@13/13.3.0/lib/gcc/m68k-elf/13.3.0/m68000/libgcc.a(_umoddi3.o)
 .debug_info    0x0000ae5a       0xd8 /home/linuxbrew/.linuxbrew/Cellar/gcc-cross-m68k@13/13.3.0/lib/gcc/m68k-elf/13.3.0/m68000/libgcc.a(_clz.o)

.debug_abbrev   0x00000000     0x30b7
 .debug_abbrev  0x00000000      0x28e s.o
 .debug_abbrev  0x0000028e      0x336 address.o
 .debug_abbrev  0x000005c4      0x1f4 adjust.o
 .debug_abbrev  0x000007b8      0x429 Bman.o
 .debug_abbrev  0x00000be1      0x1f0 buffer.o
 .debug_abbrev  0x00000dd1      0x399 commands.o
 .debug_abbrev  0x0000116a      0x33c keyboard.o
 .debug_abbrev  0x000014a6      0x27d lib.o
 .debug_abbrev  0x00001723      0x2b1 operator.o
 .debug_abbrev  0x000019d4      0x2f2 screen.o
 .debug_abbrev  0x00001cc6      0x522 Sman.o
 .debug_abbrev  0x000021e8      0x28e yank.o
 .debug_abbrev  0x00002476      0x16f ../../lib/libc.a(getenv.o)
 .debug_abbrev  0x000025e5       0x8d ../../lib/libc.a(kinit.o)
 .debug_abbrev  0x00002672       0xcf ../../lib/libc.a(misc.o)
 .debug_abbrev  0x00002741      0x137 ../../lib/libc.a(sbrk.o)
 .debug_abbrev  0x00002878      0x1ea ../../lib/libc.a(stat.o)
 .debug_abbrev  0x00002a62      0x13b ../../lib/libc.a(tcgetattr.o)
 .debug_abbrev  0x00002b9d       0xcd ../../lib/libc.a(isatty.o)
 .debug_abbrev  0x00002c6a       0x14 /home/linuxbrew/.linuxbrew/Cellar/gcc-cross-m68k@13/13.3.0/lib/gcc/m68k-elf/13.3.0/m68000/libgcc.a(_mulsi3.o)
 .debug_abbrev  0x00002c7e       0x14 /home/linuxbrew/.linuxbrew/Cellar/gcc-cross-m68k@13/13.3.0/lib/gcc/m68k-elf/13.3.0/m68000/libgcc.a(_udivsi3.o)
 .debug_abbrev  0x00002c92       0x14 /home/linuxbrew/.linuxbrew/Cellar/gcc-cross-m68k@13/13.3.0/lib/gcc/m68k-elf/13.3.0/m68000/libgcc.a(_divsi3.o)
 .debug_abbrev  0x00002ca6       0x14 /home/linuxbrew/.linuxbrew/Cellar/gcc-cross-m68k@13/13.3.0/lib/gcc/m68k-elf/13.3.0/m68000/libgcc.a(_umodsi3.o)
 .debug_abbrev  0x00002cba       0x14 /home/linuxbrew/.linuxbrew/Cellar/gcc-cross-m68k@13/13.3.0/lib/gcc/m68k-elf/13.3.0/m68000/libgcc.a(_modsi3.o)
 .debug_abbrev  0x00002cce      0x1ac /home/linuxbrew/.linuxbrew/Cellar/gcc-cross-m68k@13/13.3.0/lib/gcc/m68k-elf/13.3.0/m68000/libgcc.a(_udivdi3.o)
 .debug_abbrev  0x00002e7a      0x1cd /home/linuxbrew/.linuxbrew/Cellar/gcc-cross-m68k@13/13.3.0/lib/gcc/m68k-elf/13.3.0/m68000/libgcc.a(_umoddi3.o)
 .debug_abbrev  0x00003047       0x70 /home/linuxbrew/.linuxbrew/Cellar/gcc-cross-m68k@13/13.3.0/lib/gcc/m68k-elf/13.3.0/m68000/libgcc.a(_clz.o)

.debug_loclists
                0x00000000     0x5095
 .debug_loclists
                0x00000000      0x133 s.o
 .debug_loclists
                0x00000133      0xbb2 address.o
 .debug_loclists
                0x00000ce5      0x17c adjust.o
 .debug_loclists
                0x00000e61      0x2d4 Bman.o
 .debug_loclists
                0x00001135      0x100 buffer.o
 .debug_loclists
                0x00001235      0x534 commands.o
 .debug_loclists
                0x00001769       0xf7 keyboard.o
 .debug_loclists
                0x00001860       0xf4 lib.o
 .debug_loclists
                0x00001954      0x555 operator.o
 .debug_loclists
                0x00001ea9      0x4b8 screen.o
 .debug_loclists
                0x00002361     0x1186 Sman.o
 .debug_loclists
                0x000034e7      0x205 yank.o
 .debug_loclists
                0x000036ec       0x8f ../../lib/libc.a(getenv.o)
 .debug_loclists
                0x0000377b       0x29 ../../lib/libc.a(kinit.o)
 .debug_loclists
                0x000037a4       0x71 ../../lib/libc.a(sbrk.o)
 .debug_loclists
                0x00003815       0xf2 ../../lib/libc.a(stat.o)
 .debug_loclists
                0x00003907       0x3a ../../lib/libc.a(isatty.o)
 .debug_loclists
                0x00003941      0xd29 /home/linuxbrew/.linuxbrew/Cellar/gcc-cross-m68k@13/13.3.0/lib/gcc/m68k-elf/13.3.0/m68000/libgcc.a(_udivdi3.o)
 .debug_loclists
                0x0000466a      0xa2b /home/linuxbrew/.linuxbrew/Cellar/gcc-cross-m68k@13/13.3.0/lib/gcc/m68k-elf/13.3.0/m68000/libgcc.a(_umoddi3.o)

.debug_aranges  0x00000000      0x648
 .debug_aranges
                0x00000000       0x28 s.o
 .debug_aranges
                0x00000028       0x60 address.o
 .debug_aranges
                0x00000088       0x20 adjust.o
 .debug_aranges
                0x000000a8       0xb0 Bman.o
 .debug_aranges
                0x00000158       0x50 buffer.o
 .debug_aranges
                0x000001a8       0x38 commands.o
 .debug_aranges
                0x000001e0       0x60 keyboard.o
 .debug_aranges
                0x00000240       0x50 lib.o
 .debug_aranges
                0x00000290       0x38 operator.o
 .debug_aranges
                0x000002c8       0x68 screen.o
 .debug_aranges
                0x00000330       0xc8 Sman.o
 .debug_aranges
                0x000003f8       0x30 yank.o
 .debug_aranges
                0x00000428       0x28 ../../lib/libc.a(getenv.o)
 .debug_aranges
                0x00000450       0x20 ../../lib/libc.a(kinit.o)
 .debug_aranges
                0x00000470       0x30 ../../lib/libc.a(misc.o)
 .debug_aranges
                0x000004a0       0x28 ../../lib/libc.a(sbrk.o)
 .debug_aranges
                0x000004c8       0x30 ../../lib/libc.a(stat.o)
 .debug_aranges
                0x000004f8       0x38 ../../lib/libc.a(tcgetattr.o)
 .debug_aranges
                0x00000530       0x20 ../../lib/libc.a(isatty.o)
 .debug_aranges
                0x00000550       0x20 /home/linuxbrew/.linuxbrew/Cellar/gcc-cross-m68k@13/13.3.0/lib/gcc/m68k-elf/13.3.0/m68000/libgcc.a(_mulsi3.o)
 .debug_aranges
                0x00000570       0x20 /home/linuxbrew/.linuxbrew/Cellar/gcc-cross-m68k@13/13.3.0/lib/gcc/m68k-elf/13.3.0/m68000/libgcc.a(_udivsi3.o)
 .debug_aranges
                0x00000590       0x20 /home/linuxbrew/.linuxbrew/Cellar/gcc-cross-m68k@13/13.3.0/lib/gcc/m68k-elf/13.3.0/m68000/libgcc.a(_divsi3.o)
 .debug_aranges
                0x000005b0       0x20 /home/linuxbrew/.linuxbrew/Cellar/gcc-cross-m68k@13/13.3.0/lib/gcc/m68k-elf/13.3.0/m68000/libgcc.a(_umodsi3.o)
 .debug_aranges
                0x000005d0       0x20 /home/linuxbrew/.linuxbrew/Cellar/gcc-cross-m68k@13/13.3.0/lib/gcc/m68k-elf/13.3.0/m68000/libgcc.a(_modsi3.o)
 .debug_aranges
                0x000005f0       0x20 /home/linuxbrew/.linuxbrew/Cellar/gcc-cross-m68k@13/13.3.0/lib/gcc/m68k-elf/13.3.0/m68000/libgcc.a(_udivdi3.o)
 .debug_aranges
                0x00000610       0x20 /home/linuxbrew/.linuxbrew/Cellar/gcc-cross-m68k@13/13.3.0/lib/gcc/m68k-elf/13.3.0/m68000/libgcc.a(_umoddi3.o)
 .debug_aranges
                0x00000630       0x18 /home/linuxbrew/.linuxbrew/Cellar/gcc-cross-m68k@13/13.3.0/lib/gcc/m68k-elf/13.3.0/m68000/libgcc.a(_clz.o)

.debug_rnglists
                0x00000000      0x9da
 .debug_rnglists
                0x00000000       0x27 s.o
 .debug_rnglists
                0x00000027       0xbb address.o
 .debug_rnglists
                0x000000e2       0x20 adjust.o
 .debug_rnglists
                0x00000102       0xe9 Bman.o
 .debug_rnglists
                0x000001eb       0x79 buffer.o
 .debug_rnglists
                0x00000264       0xa7 commands.o
 .debug_rnglists
                0x0000030b       0x85 keyboard.o
 .debug_rnglists
                0x00000390       0x64 lib.o
 .debug_rnglists
                0x000003f4       0x6d operator.o
 .debug_rnglists
                0x00000461      0x198 screen.o
 .debug_rnglists
                0x000005f9      0x19c Sman.o
 .debug_rnglists
                0x00000795       0x2d yank.o
 .debug_rnglists
                0x000007c2       0x1a ../../lib/libc.a(getenv.o)
 .debug_rnglists
                0x000007dc       0x13 ../../lib/libc.a(kinit.o)
 .debug_rnglists
                0x000007ef       0x1f ../../lib/libc.a(misc.o)
 .debug_rnglists
                0x0000080e       0x25 ../../lib/libc.a(sbrk.o)
 .debug_rnglists
                0x00000833       0x2c ../../lib/libc.a(stat.o)
 .debug_rnglists
                0x0000085f       0x25 ../../lib/libc.a(tcgetattr.o)
 .debug_rnglists
                0x00000884       0x13 ../../lib/libc.a(isatty.o)
 .debug_rnglists
                0x00000897       0xbb /home/linuxbrew/.linuxbrew/Cellar/gcc-cross-m68k@13/13.3.0/lib/gcc/m68k-elf/13.3.0/m68000/libgcc.a(_udivdi3.o)
 .debug_rnglists
                0x00000952       0x88 /home/linuxbrew/.linuxbrew/Cellar/gcc-cross-m68k@13/13.3.0/lib/gcc/m68k-elf/13.3.0/m68000/libgcc.a(_umoddi3.o)

.debug_line     0x00000000     0x768a
 .debug_line    0x00000000      0x24f s.o
 .debug_line    0x0000024f     0x10fb address.o
 .debug_line    0x0000134a      0x23e adjust.o
 .debug_line    0x00001588      0x8a8 Bman.o
 .debug_line    0x00001e30      0x470 buffer.o
 .debug_line    0x000022a0      0xa2b commands.o
 .debug_line    0x00002ccb      0x402 keyboard.o
 .debug_line    0x000030cd      0x295 lib.o
 .debug_line    0x00003362      0x763 operator.o
 .debug_line    0x00003ac5      0x9f1 screen.o
 .debug_line    0x000044b6     0x17bc Sman.o
 .debug_line    0x00005c72      0x2d8 yank.o
 .debug_line    0x00005f4a      0x116 ../../lib/libc.a(getenv.o)
 .debug_line    0x00006060       0xce ../../lib/libc.a(kinit.o)
 .debug_line    0x0000612e       0xab ../../lib/libc.a(misc.o)
 .debug_line    0x000061d9      0x16f ../../lib/libc.a(sbrk.o)
 .debug_line    0x00006348      0x1fc ../../lib/libc.a(stat.o)
 .debug_line    0x00006544       0xd3 ../../lib/libc.a(tcgetattr.o)
 .debug_line    0x00006617       0x89 ../../lib/libc.a(isatty.o)
 .debug_line    0x000066a0       0x54 /home/linuxbrew/.linuxbrew/Cellar/gcc-cross-m68k@13/13.3.0/lib/gcc/m68k-elf/13.3.0/m68000/libgcc.a(_mulsi3.o)
 .debug_line    0x000066f4       0x6d /home/linuxbrew/.linuxbrew/Cellar/gcc-cross-m68k@13/13.3.0/lib/gcc/m68k-elf/13.3.0/m68000/libgcc.a(_udivsi3.o)
 .debug_line    0x00006761       0x5c /home/linuxbrew/.linuxbrew/Cellar/gcc-cross-m68k@13/13.3.0/lib/gcc/m68k-elf/13.3.0/m68000/libgcc.a(_divsi3.o)
 .debug_line    0x000067bd       0x58 /home/linuxbrew/.linuxbrew/Cellar/gcc-cross-m68k@13/13.3.0/lib/gcc/m68k-elf/13.3.0/m68000/libgcc.a(_umodsi3.o)
 .debug_line    0x00006815       0x58 /home/linuxbrew/.linuxbrew/Cellar/gcc-cross-m68k@13/13.3.0/lib/gcc/m68k-elf/13.3.0/m68000/libgcc.a(_modsi3.o)
 .debug_line    0x0000686d      0x753 /home/linuxbrew/.linuxbrew/Cellar/gcc-cross-m68k@13/13.3.0/lib/gcc/m68k-elf/13.3.0/m68000/libgcc.a(_udivdi3.o)
 .debug_line    0x00006fc0      0x675 /home/linuxbrew/.linuxbrew/Cellar/gcc-cross-m68k@13/13.3.0/lib/gcc/m68k-elf/13.3.0/m68000/libgcc.a(_umoddi3.o)
 .debug_line    0x00007635       0x55 /home/linuxbrew/.linuxbrew/Cellar/gcc-cross-m68k@13/13.3.0/lib/gcc/m68k-elf/13.3.0/m68000/libgcc.a(_clz.o)

.debug_str      0x00000000     0x1009
 .debug_str     0x00000000      0x2b8 s.o
                                0x329 (size before relaxing)
 .debug_str     0x000002b8      0x141 address.o
                                0x351 (size before relaxing)
 .debug_str     0x000003f9       0x43 adjust.o
                                0x200 (size before relaxing)
 .debug_str     0x0000043c      0x154 Bman.o
                                0x3ea (size before relaxing)
 .debug_str     0x00000590       0x45 buffer.o
                                0x1c7 (size before relaxing)
 .debug_str     0x000005d5      0x10c commands.o
                                0x4eb (size before relaxing)
 .debug_str     0x000006e1       0xc4 keyboard.o
                                0x3a3 (size before relaxing)
 .debug_str     0x000007a5       0x3e lib.o
                                0x225 (size before relaxing)
 .debug_str     0x000007e3       0x64 operator.o
                                0x3b4 (size before relaxing)
 .debug_str     0x00000847       0xa6 screen.o
                                0x34f (size before relaxing)
 .debug_str     0x000008ed      0x1fe Sman.o
                                0x628 (size before relaxing)
 .debug_str     0x00000aeb       0x1f yank.o
                                0x24c (size before relaxing)
 .debug_str     0x00000b0a       0x7c ../../lib/libc.a(getenv.o)
                                0x203 (size before relaxing)
 .debug_str     0x00000b86       0x52 ../../lib/libc.a(kinit.o)
                                0x162 (size before relaxing)
 .debug_str     0x00000bd8       0x3b ../../lib/libc.a(misc.o)
                                0x14e (size before relaxing)
 .debug_str     0x00000c13       0x3f ../../lib/libc.a(sbrk.o)
                                0x190 (size before relaxing)
 .debug_str     0x00000c52      0x100 ../../lib/libc.a(stat.o)
                                0x249 (size before relaxing)
 .debug_str     0x00000d52       0x4d ../../lib/libc.a(tcgetattr.o)
                                0x1ad (size before relaxing)
 .debug_str     0x00000d9f       0x10 ../../lib/libc.a(isatty.o)
                                0x20a (size before relaxing)
 .debug_str     0x00000daf       0x8c /home/linuxbrew/.linuxbrew/Cellar/gcc-cross-m68k@13/13.3.0/lib/gcc/m68k-elf/13.3.0/m68000/libgcc.a(_mulsi3.o)
 .debug_str     0x00000e3b       0x8c /home/linuxbrew/.linuxbrew/Cellar/gcc-cross-m68k@13/13.3.0/lib/gcc/m68k-elf/13.3.0/m68000/libgcc.a(_udivsi3.o)
 .debug_str     0x00000e3b       0x8c /home/linuxbrew/.linuxbrew/Cellar/gcc-cross-m68k@13/13.3.0/lib/gcc/m68k-elf/13.3.0/m68000/libgcc.a(_divsi3.o)
 .debug_str     0x00000e3b       0x8c /home/linuxbrew/.linuxbrew/Cellar/gcc-cross-m68k@13/13.3.0/lib/gcc/m68k-elf/13.3.0/m68000/libgcc.a(_umodsi3.o)
 .debug_str     0x00000e3b       0x8c /home/linuxbrew/.linuxbrew/Cellar/gcc-cross-m68k@13/13.3.0/lib/gcc/m68k-elf/13.3.0/m68000/libgcc.a(_modsi3.o)
 .debug_str     0x00000e3b      0x159 /home/linuxbrew/.linuxbrew/Cellar/gcc-cross-m68k@13/13.3.0/lib/gcc/m68k-elf/13.3.0/m68000/libgcc.a(_udivdi3.o)
                                0x255 (size before relaxing)
 .debug_str     0x00000f94        0xa /home/linuxbrew/.linuxbrew/Cellar/gcc-cross-m68k@13/13.3.0/lib/gcc/m68k-elf/13.3.0/m68000/libgcc.a(_umoddi3.o)
                                0x255 (size before relaxing)
 .debug_str     0x00000f9e       0x6b /home/linuxbrew/.linuxbrew/Cellar/gcc-cross-m68k@13/13.3.0/lib/gcc/m68k-elf/13.3.0/m68000/libgcc.a(_clz.o)
                                0x1c4 (size before relaxing)

.comment        0x00000000       0x12
 .comment       0x00000000       0x12 s.o
                                 0x13 (size before relaxing)
 .comment       0x00000012       0x13 address.o
 .comment       0x00000012       0x13 adjust.o
 .comment       0x00000012       0x13 Bman.o
 .comment       0x00000012       0x13 buffer.o
 .comment       0x00000012       0x13 commands.o
 .comment       0x00000012       0x13 keyboard.o
 .comment       0x00000012       0x13 lib.o
 .comment       0x00000012       0x13 operator.o
 .comment       0x00000012       0x13 screen.o
 .comment       0x00000012       0x13 Sman.o
 .comment       0x00000012       0x13 yank.o
 .comment       0x00000012       0x13 ../../lib/libc.a(fclose.o)
 .comment       0x00000012       0x13 ../../lib/libc.a(fflush.o)
 .comment       0x00000012       0x13 ../../lib/libc.a(fgets.o)
 .comment       0x00000012       0x13 ../../lib/libc.a(findfp.o)
 .comment       0x00000012       0x13 ../../lib/libc.a(fopen.o)
 .comment       0x00000012       0x13 ../../lib/libc.a(fprintf.o)
 .comment       0x00000012       0x13 ../../lib/libc.a(fputs.o)
 .comment       0x00000012       0x13 ../../lib/libc.a(fvwrite.o)
 .comment       0x00000012       0x13 ../../lib/libc.a(fwalk.o)
 .comment       0x00000012       0x13 ../../lib/libc.a(printf.o)
 .comment       0x00000012       0x13 ../../lib/libc.a(refill.o)
 .comment       0x00000012       0x13 ../../lib/libc.a(sprintf.o)
 .comment       0x00000012       0x13 ../../lib/libc.a(stdio.o)
 .comment       0x00000012       0x13 ../../lib/libc.a(vfprintf.o)
 .comment       0x00000012       0x13 ../../lib/libc.a(wbuf.o)
 .comment       0x00000012       0x13 ../../lib/libc.a(wsetup.o)
 .comment       0x00000012       0x13 ../../lib/libc.a(exit.o)
 .comment       0x00000012       0x13 ../../lib/libc.a(malloc.o)
 .comment       0x00000012       0x13 ../../lib/libc.a(bcopy.o)
 .comment       0x00000012       0x13 ../../lib/libc.a(memchr.o)
 .comment       0x00000012       0x13 ../../lib/libc.a(memcpy.o)
 .comment       0x00000012       0x13 ../../lib/libc.a(strcat.o)
 .comment       0x00000012       0x13 ../../lib/libc.a(strcmp.o)
 .comment       0x00000012       0x13 ../../lib/libc.a(strcpy.o)
 .comment       0x00000012       0x13 ../../lib/libc.a(strlen.o)
 .comment       0x00000012       0x13 ../../lib/libc.a(rune.o)
 .comment       0x00000012       0x13 ../../lib/libc.a(table.o)
 .comment       0x00000012       0x13 ../../lib/libc.a(utf2.o)
 .comment       0x00000012       0x13 ../../lib/libc.a(getenv.o)
 .comment       0x00000012       0x13 ../../lib/libc.a(kinit.o)
 .comment       0x00000012       0x13 ../../lib/libc.a(misc.o)
 .comment       0x00000012       0x13 ../../lib/libc.a(sbrk.o)
 .comment       0x00000012       0x13 ../../lib/libc.a(stat.o)
 .comment       0x00000012       0x13 ../../lib/libc.a(tcgetattr.o)
 .comment       0x00000012       0x13 ../../lib/libc.a(errlst.o)
 .comment       0x00000012       0x13 ../../lib/libc.a(flags.o)
 .comment       0x00000012       0x13 ../../lib/libc.a(fread.o)
 .comment       0x00000012       0x13 ../../lib/libc.a(makebuf.o)
 .comment       0x00000012       0x13 ../../lib/libc.a(rewind.o)
 .comment       0x00000012       0x13 ../../lib/libc.a(atexit.o)
 .comment       0x00000012       0x13 ../../lib/libc.a(memcmp.o)
 .comment       0x00000012       0x13 ../../lib/libc.a(strchr.o)
 .comment       0x00000012       0x13 ../../lib/libc.a(strdup.o)
 .comment       0x00000012       0x13 ../../lib/libc.a(strrchr.o)
 .comment       0x00000012       0x13 ../../lib/libc.a(euc.o)
 .comment       0x00000012       0x13 ../../lib/libc.a(none.o)
 .comment       0x00000012       0x13 ../../lib/libc.a(isatty.o)
 .comment       0x00000012       0x13 ../../lib/libc.a(fseek.o)
 .comment       0x00000012       0x13 ../../lib/libc.a(strtol.o)
 .comment       0x00000012       0x13 /home/linuxbrew/.linuxbrew/Cellar/gcc-cross-m68k@13/13.3.0/lib/gcc/m68k-elf/13.3.0/m68000/libgcc.a(_udivdi3.o)
 .comment       0x00000012       0x13 /home/linuxbrew/.linuxbrew/Cellar/gcc-cross-m68k@13/13.3.0/lib/gcc/m68k-elf/13.3.0/m68000/libgcc.a(_umoddi3.o)
 .comment       0x00000012       0x13 /home/linuxbrew/.linuxbrew/Cellar/gcc-cross-m68k@13/13.3.0/lib/gcc/m68k-elf/13.3.0/m68000/libgcc.a(_clz.o)

.debug_frame    0x00000000     0x19b4
 .debug_frame   0x00000000      0x154 s.o
 .debug_frame   0x00000154      0x1a4 address.o
 .debug_frame   0x000002f8       0x48 adjust.o
 .debug_frame   0x00000340      0x328 Bman.o
 .debug_frame   0x00000668       0xf8 buffer.o
 .debug_frame   0x00000760      0x210 commands.o
 .debug_frame   0x00000970      0x138 keyboard.o
 .debug_frame   0x00000aa8      0x1a0 lib.o
 .debug_frame   0x00000c48      0x158 operator.o
 .debug_frame   0x00000da0      0x2f8 screen.o
 .debug_frame   0x00001098      0x618 Sman.o
 .debug_frame   0x000016b0       0xc8 yank.o
 .debug_frame   0x00001778       0x84 ../../lib/libc.a(getenv.o)
 .debug_frame   0x000017fc       0x24 ../../lib/libc.a(kinit.o)
 .debug_frame   0x00001820       0x44 ../../lib/libc.a(misc.o)
 .debug_frame   0x00001864       0x34 ../../lib/libc.a(sbrk.o)
 .debug_frame   0x00001898       0x90 ../../lib/libc.a(stat.o)
 .debug_frame   0x00001928       0x60 ../../lib/libc.a(tcgetattr.o)
 .debug_frame   0x00001988       0x2c ../../lib/libc.a(isatty.o)

.debug_line_str
                0x00000000       0x80
 .debug_line_str
                0x00000000       0x80 /home/linuxbrew/.linuxbrew/Cellar/gcc-cross-m68k@13/13.3.0/lib/gcc/m68k-elf/13.3.0/m68000/libgcc.a(_mulsi3.o)
 .debug_line_str
                0x00000080       0x80 /home/linuxbrew/.linuxbrew/Cellar/gcc-cross-m68k@13/13.3.0/lib/gcc/m68k-elf/13.3.0/m68000/libgcc.a(_udivsi3.o)
 .debug_line_str
                0x00000080       0x80 /home/linuxbrew/.linuxbrew/Cellar/gcc-cross-m68k@13/13.3.0/lib/gcc/m68k-elf/13.3.0/m68000/libgcc.a(_divsi3.o)
 .debug_line_str
                0x00000080       0x80 /home/linuxbrew/.linuxbrew/Cellar/gcc-cross-m68k@13/13.3.0/lib/gcc/m68k-elf/13.3.0/m68000/libgcc.a(_umodsi3.o)
 .debug_line_str
                0x00000080       0x80 /home/linuxbrew/.linuxbrew/Cellar/gcc-cross-m68k@13/13.3.0/lib/gcc/m68k-elf/13.3.0/m68000/libgcc.a(_modsi3.o)
